#-----------------------------------------------------------
# Vivado v2015.4 (64-bit)
# SW Build 1412921 on Wed Nov 18 09:44:32 MST 2015
# IP Build 1412160 on Tue Nov 17 13:47:24 MST 2015
# Start of session at: Tue Jun 21 17:56:17 2016
# Process ID: 20509
# Current directory: /home/josefonseca/Documents/thesis/verilog/network
# Command line: vivado
# Log file: /home/josefonseca/Documents/thesis/verilog/network/vivado.log
# Journal file: /home/josefonseca/Documents/thesis/verilog/network/vivado.jou
#-----------------------------------------------------------
start_gui
open_project /home/josefonseca/Documents/thesis/verilog/network/Synth/Synth.xpr
reset_run synth_4
launch_runs impl_4
wait_on_run impl_4
delete_runs "synth_1"
delete_runs "synth_2"
delete_runs "synth_3"
reset_run synth_4
launch_runs impl_4
wait_on_run impl_4
close_project
open_project /home/josefonseca/Documents/thesis/verilog/network/Synth/Synth.xpr
reset_run synth_4
launch_runs impl_4
wait_on_run impl_4
create_run synth_1 -flow {Vivado Synthesis 2015} -strategy Flow_PerfOptimized_high
current_run [get_runs synth_1]
set_property strategy Flow_AreaOptimized_high [get_runs synth_1]
close_project
open_project /home/josefonseca/Documents/thesis/verilog/network/Synth/Synth.xpr
launch_runs impl_1
wait_on_run impl_1
create_run synth_2 -flow {Vivado Synthesis 2015} -strategy Flow_AreaOptimized_high
current_run [get_runs synth_2]
set_property strategy Flow_AreaOptimized_medium [get_runs synth_2]
launch_runs impl_2
wait_on_run impl_2
